// Jest Snapshot v1, https://goo.gl/fbAQLP

exports[`getGifs Saga should call the gifLoadingError action if the response errors 1`] = `
Object {
  "@@redux-saga/IO": true,
  "SELECT": Object {
    "args": Array [],
    "selector": [Function],
  },
}
`;

exports[`getGifs Saga should call the gifLoadingError action if the response errors 2`] = `
Object {
  "@@redux-saga/IO": true,
  "CALL": Object {
    "args": Array [
      "https://api.giphy.com/v1/gifs/search?api_key=Z5XiFHOYMn8y8muarg2Bg8PCmpxQZyWz&q=cats",
    ],
    "context": null,
    "fn": [Function],
  },
}
`;

exports[`getGifs Saga should dispatch the gifsLoaded action if it requests the data successfully 1`] = `
Object {
  "@@redux-saga/IO": true,
  "SELECT": Object {
    "args": Array [],
    "selector": [Function],
  },
}
`;

exports[`getGifs Saga should dispatch the gifsLoaded action if it requests the data successfully 2`] = `
Object {
  "@@redux-saga/IO": true,
  "CALL": Object {
    "args": Array [
      "https://api.giphy.com/v1/gifs/search?api_key=Z5XiFHOYMn8y8muarg2Bg8PCmpxQZyWz&q=cats",
    ],
    "context": null,
    "fn": [Function],
  },
}
`;
